<?php return array (
  0 => 'Symfony\\Bundle\\FrameworkBundle\\Controller\\AbstractController',
  1 => 'App\\Controller\\AdminController',
  2 => 'App\\Controller\\Admin\\ArticleCrudController',
  3 => 'App\\Controller\\Admin\\CategorieCrudController',
  4 => 'App\\Controller\\Admin\\CommentCrudController',
  5 => 'App\\Controller\\Admin\\DashboardController',
  6 => 'App\\Controller\\Admin\\NumMediaCrudController',
  7 => 'App\\Controller\\ArticleController',
  8 => 'App\\Controller\\BlogController',
  9 => 'App\\Controller\\CategorieController',
  10 => 'App\\Controller\\CommentController',
  11 => 'App\\Controller\\NumMediaController',
  12 => 'App\\Controller\\SignupController',
  13 => 'App\\Controller\\WehealthController',
  14 => 'App\\Entity\\Article',
  15 => 'App\\Entity\\ArticleLike',
  16 => 'App\\Entity\\Categorie',
  17 => 'App\\Entity\\Coach',
  18 => 'App\\Entity\\Comment',
  19 => 'App\\Entity\\NumMedia',
  20 => 'App\\Entity\\ProfessionnelSante',
  21 => 'App\\Entity\\User',
  22 => 'Doctrine\\Bundle\\DoctrineBundle\\Controller\\ProfilerController',
  23 => 'Doctrine\\ORM\\Cache\\Persister\\Entity\\AbstractEntityPersister',
  24 => 'Doctrine\\ORM\\Cache\\Persister\\Entity\\CachedEntityPersister',
  25 => 'Doctrine\\ORM\\Cache\\Persister\\Entity\\NonStrictReadWriteCachedEntityPersister',
  26 => 'Doctrine\\ORM\\Cache\\Persister\\Entity\\ReadOnlyCachedEntityPersister',
  27 => 'Doctrine\\ORM\\Cache\\Persister\\Entity\\ReadWriteCachedEntityPersister',
  28 => 'Doctrine\\ORM\\Persisters\\Entity\\AbstractEntityInheritancePersister',
  29 => 'Doctrine\\ORM\\Persisters\\Entity\\BasicEntityPersister',
  30 => 'Doctrine\\ORM\\Persisters\\Entity\\CachedPersisterContext',
  31 => 'Doctrine\\ORM\\Persisters\\Entity\\EntityPersister',
  32 => 'Doctrine\\ORM\\Persisters\\Entity\\JoinedSubclassPersister',
  33 => 'Doctrine\\ORM\\Persisters\\Entity\\SingleTablePersister',
  34 => 'EasyCorp\\Bundle\\EasyAdminBundle\\Contracts\\Controller\\CrudControllerInterface',
  35 => 'EasyCorp\\Bundle\\EasyAdminBundle\\Contracts\\Controller\\DashboardControllerInterface',
  36 => 'EasyCorp\\Bundle\\EasyAdminBundle\\Controller\\AbstractCrudController',
  37 => 'EasyCorp\\Bundle\\EasyAdminBundle\\Controller\\AbstractDashboardController',
  39 => 'Symfony\\Bundle\\FrameworkBundle\\Controller\\ControllerResolver',
  40 => 'Symfony\\Bundle\\FrameworkBundle\\Controller\\RedirectController',
  41 => 'Symfony\\Bundle\\FrameworkBundle\\Controller\\TemplateController',
  42 => 'Symfony\\Bundle\\WebProfilerBundle\\Controller\\ExceptionPanelController',
  43 => 'Symfony\\Bundle\\WebProfilerBundle\\Controller\\ProfilerController',
  44 => 'Symfony\\Bundle\\WebProfilerBundle\\Controller\\RouterController',
  45 => 'Symfony\\Component\\HttpKernel\\Controller\\ArgumentResolver',
  46 => 'Symfony\\Component\\HttpKernel\\Controller\\ArgumentResolverInterface',
  47 => 'Symfony\\Component\\HttpKernel\\Controller\\ArgumentResolver\\BackedEnumValueResolver',
  48 => 'Symfony\\Component\\HttpKernel\\Controller\\ArgumentResolver\\DateTimeValueResolver',
  49 => 'Symfony\\Component\\HttpKernel\\Controller\\ArgumentResolver\\DefaultValueResolver',
  50 => 'Symfony\\Component\\HttpKernel\\Controller\\ArgumentResolver\\NotTaggedControllerValueResolver',
  51 => 'Symfony\\Component\\HttpKernel\\Controller\\ArgumentResolver\\RequestAttributeValueResolver',
  52 => 'Symfony\\Component\\HttpKernel\\Controller\\ArgumentResolver\\RequestValueResolver',
  53 => 'Symfony\\Component\\HttpKernel\\Controller\\ArgumentResolver\\ServiceValueResolver',
  54 => 'Symfony\\Component\\HttpKernel\\Controller\\ArgumentResolver\\SessionValueResolver',
  55 => 'Symfony\\Component\\HttpKernel\\Controller\\ArgumentResolver\\TraceableValueResolver',
  56 => 'Symfony\\Component\\HttpKernel\\Controller\\ArgumentResolver\\UidValueResolver',
  57 => 'Symfony\\Component\\HttpKernel\\Controller\\ArgumentResolver\\VariadicValueResolver',
  58 => 'Symfony\\Component\\HttpKernel\\Controller\\ArgumentValueResolverInterface',
  59 => 'Symfony\\Component\\HttpKernel\\Controller\\ContainerControllerResolver',
  60 => 'Symfony\\Component\\HttpKernel\\Controller\\ControllerReference',
  61 => 'Symfony\\Component\\HttpKernel\\Controller\\ControllerResolver',
  62 => 'Symfony\\Component\\HttpKernel\\Controller\\ControllerResolverInterface',
  63 => 'Symfony\\Component\\HttpKernel\\Controller\\ErrorController',
  64 => 'Symfony\\Component\\HttpKernel\\Controller\\TraceableArgumentResolver',
  65 => 'Symfony\\Component\\HttpKernel\\Controller\\TraceableControllerResolver',
  66 => 'Symfony\\Component\\Security\\Http\\Controller\\UserValueResolver',
);