<?php return array (
  0 => 'Symfony\\Bundle\\FrameworkBundle\\Controller\\AbstractController',
  1 => 'App\\Controller\\Admin\\ArticleCrudController',
  2 => 'App\\Controller\\Admin\\CategorieCrudController',
  3 => 'App\\Controller\\Admin\\CommentCrudController',
  4 => 'App\\Controller\\Admin\\DashboardController',
  5 => 'App\\Controller\\Admin\\NumMediaCrudController',
  6 => 'App\\Controller\\ArticleController',
  7 => 'App\\Controller\\BlogController',
  8 => 'App\\Controller\\CategorieController',
  9 => 'App\\Controller\\CommentController',
  10 => 'App\\Controller\\SignupController',
  11 => 'App\\Controller\\WehealthController',
  12 => 'App\\Entity\\Article',
  13 => 'App\\Entity\\Categorie',
  14 => 'App\\Entity\\Coach',
  15 => 'App\\Entity\\Comment',
  16 => 'App\\Entity\\NumMedia',
  17 => 'App\\Entity\\ProfessionnelSante',
  18 => 'App\\Entity\\User',
  19 => 'Doctrine\\Bundle\\DoctrineBundle\\Controller\\ProfilerController',
  20 => 'Doctrine\\ORM\\Cache\\Persister\\Entity\\AbstractEntityPersister',
  21 => 'Doctrine\\ORM\\Cache\\Persister\\Entity\\CachedEntityPersister',
  22 => 'Doctrine\\ORM\\Cache\\Persister\\Entity\\NonStrictReadWriteCachedEntityPersister',
  23 => 'Doctrine\\ORM\\Cache\\Persister\\Entity\\ReadOnlyCachedEntityPersister',
  24 => 'Doctrine\\ORM\\Cache\\Persister\\Entity\\ReadWriteCachedEntityPersister',
  25 => 'Doctrine\\ORM\\Persisters\\Entity\\AbstractEntityInheritancePersister',
  26 => 'Doctrine\\ORM\\Persisters\\Entity\\BasicEntityPersister',
  27 => 'Doctrine\\ORM\\Persisters\\Entity\\CachedPersisterContext',
  28 => 'Doctrine\\ORM\\Persisters\\Entity\\EntityPersister',
  29 => 'Doctrine\\ORM\\Persisters\\Entity\\JoinedSubclassPersister',
  30 => 'Doctrine\\ORM\\Persisters\\Entity\\SingleTablePersister',
  31 => 'EasyCorp\\Bundle\\EasyAdminBundle\\Contracts\\Controller\\CrudControllerInterface',
  32 => 'EasyCorp\\Bundle\\EasyAdminBundle\\Contracts\\Controller\\DashboardControllerInterface',
  33 => 'EasyCorp\\Bundle\\EasyAdminBundle\\Controller\\AbstractCrudController',
  34 => 'EasyCorp\\Bundle\\EasyAdminBundle\\Controller\\AbstractDashboardController',
  36 => 'Symfony\\Bundle\\FrameworkBundle\\Controller\\ControllerResolver',
  37 => 'Symfony\\Bundle\\FrameworkBundle\\Controller\\RedirectController',
  38 => 'Symfony\\Bundle\\FrameworkBundle\\Controller\\TemplateController',
  39 => 'Symfony\\Bundle\\WebProfilerBundle\\Controller\\ExceptionPanelController',
  40 => 'Symfony\\Bundle\\WebProfilerBundle\\Controller\\ProfilerController',
  41 => 'Symfony\\Bundle\\WebProfilerBundle\\Controller\\RouterController',
  42 => 'Symfony\\Component\\HttpKernel\\Controller\\ArgumentResolver',
  43 => 'Symfony\\Component\\HttpKernel\\Controller\\ArgumentResolverInterface',
  44 => 'Symfony\\Component\\HttpKernel\\Controller\\ArgumentResolver\\BackedEnumValueResolver',
  45 => 'Symfony\\Component\\HttpKernel\\Controller\\ArgumentResolver\\DateTimeValueResolver',
  46 => 'Symfony\\Component\\HttpKernel\\Controller\\ArgumentResolver\\DefaultValueResolver',
  47 => 'Symfony\\Component\\HttpKernel\\Controller\\ArgumentResolver\\NotTaggedControllerValueResolver',
  48 => 'Symfony\\Component\\HttpKernel\\Controller\\ArgumentResolver\\RequestAttributeValueResolver',
  49 => 'Symfony\\Component\\HttpKernel\\Controller\\ArgumentResolver\\RequestValueResolver',
  50 => 'Symfony\\Component\\HttpKernel\\Controller\\ArgumentResolver\\ServiceValueResolver',
  51 => 'Symfony\\Component\\HttpKernel\\Controller\\ArgumentResolver\\SessionValueResolver',
  52 => 'Symfony\\Component\\HttpKernel\\Controller\\ArgumentResolver\\TraceableValueResolver',
  53 => 'Symfony\\Component\\HttpKernel\\Controller\\ArgumentResolver\\UidValueResolver',
  54 => 'Symfony\\Component\\HttpKernel\\Controller\\ArgumentResolver\\VariadicValueResolver',
  55 => 'Symfony\\Component\\HttpKernel\\Controller\\ArgumentValueResolverInterface',
  56 => 'Symfony\\Component\\HttpKernel\\Controller\\ContainerControllerResolver',
  57 => 'Symfony\\Component\\HttpKernel\\Controller\\ControllerReference',
  58 => 'Symfony\\Component\\HttpKernel\\Controller\\ControllerResolver',
  59 => 'Symfony\\Component\\HttpKernel\\Controller\\ControllerResolverInterface',
  60 => 'Symfony\\Component\\HttpKernel\\Controller\\ErrorController',
  61 => 'Symfony\\Component\\HttpKernel\\Controller\\TraceableArgumentResolver',
  62 => 'Symfony\\Component\\HttpKernel\\Controller\\TraceableControllerResolver',
  63 => 'Symfony\\Component\\Security\\Http\\Controller\\UserValueResolver',
);